[    0.000000] Initializing cgroup subsys cpuset
[    0.000000] Initializing cgroup subsys cpu
[    0.000000] Initializing cgroup subsys cpuacct
[    0.000000] Linux version 4.4.0-186-generic (buildd@lcy01-amd64-002) (gcc version 5.4.0 20160609 (Ubuntu 5.4.0-6ubuntu1~16.04.12) ) #216-Ubuntu SMP Wed Jul 1 05:34:05 UTC 2020 (Ubuntu 4.4.0-186.216-generic 4.4.228)
[    0.000000] Command line: BOOT_IMAGE=/boot/vmlinuz-4.4.0-186-generic root=LABEL=cloudimg-rootfs ro console=tty1 console=ttyS0
[    0.000000] KERNEL supported cpus:
[    0.000000]   Intel GenuineIntel
[    0.000000]   AMD AuthenticAMD
[    0.000000]   Centaur CentaurHauls
[    0.000000] [Firmware Bug]: TSC doesn't count with P0 frequency!
[    0.000000] x86/fpu: xstate_offset[2]:  576, xstate_sizes[2]:  256
[    0.000000] x86/fpu: Supporting XSAVE feature 0x01: 'x87 floating point registers'
[    0.000000] x86/fpu: Supporting XSAVE feature 0x02: 'SSE registers'
[    0.000000] x86/fpu: Supporting XSAVE feature 0x04: 'AVX registers'
[    0.000000] x86/fpu: Enabled xstate features 0x7, context size is 832 bytes, using 'standard' format.
[    0.000000] e820: BIOS-provided physical RAM map:
[    0.000000] BIOS-e820: [mem 0x0000000000000000-0x000000000009fbff] usable
[    0.000000] BIOS-e820: [mem 0x000000000009fc00-0x000000000009ffff] reserved
[    0.000000] BIOS-e820: [mem 0x00000000000f0000-0x00000000000fffff] reserved
[    0.000000] BIOS-e820: [mem 0x0000000000100000-0x000000003ffeffff] usable
[    0.000000] BIOS-e820: [mem 0x000000003fff0000-0x000000003fffffff] ACPI data
[    0.000000] BIOS-e820: [mem 0x00000000fec00000-0x00000000fec00fff] reserved
[    0.000000] BIOS-e820: [mem 0x00000000fee00000-0x00000000fee00fff] reserved
[    0.000000] BIOS-e820: [mem 0x00000000fffc0000-0x00000000ffffffff] reserved
[    0.000000] NX (Execute Disable) protection: active
[    0.000000] SMBIOS 2.5 present.
[    0.000000] Hypervisor detected: KVM
[    0.000000] Kernel/User page tables isolation: disabled
[    0.000000] e820: last_pfn = 0x3fff0 max_arch_pfn = 0x400000000
[    0.000000] MTRR: Disabled
[    0.000000] x86/PAT: MTRRs disabled, skipping PAT initialization too.
[    0.000000] CPU MTRRs all blank - virtualized system.
[    0.000000] x86/PAT: Configuration [0-7]: WB  WT  UC- UC  WB  WT  UC- UC  
[    0.000000] found SMP MP-table at [mem 0x0009fff0-0x0009ffff] mapped at [ffff88000009fff0]
[    0.000000] Scanning 1 areas for low memory corruption
[    0.000000] RAMDISK: [mem 0x362de000-0x37166fff]
[    0.000000] ACPI: Early table checksum verification disabled
[    0.000000] ACPI: RSDP 0x00000000000E0000 000024 (v02 VBOX  )
[    0.000000] ACPI: XSDT 0x000000003FFF0030 00003C (v01 VBOX   VBOXXSDT 00000001 ASL  00000061)
[    0.000000] ACPI: FACP 0x000000003FFF00F0 0000F4 (v04 VBOX   VBOXFACP 00000001 ASL  00000061)
[    0.000000] ACPI: DSDT 0x000000003FFF0470 002325 (v02 VBOX   VBOXBIOS 00000002 INTL 20100528)
[    0.000000] ACPI: FACS 0x000000003FFF0200 000040
[    0.000000] ACPI: FACS 0x000000003FFF0200 000040
[    0.000000] ACPI: APIC 0x000000003FFF0240 00005C (v02 VBOX   VBOXAPIC 00000001 ASL  00000061)
[    0.000000] ACPI: SSDT 0x000000003FFF02A0 0001CC (v01 VBOX   VBOXCPUT 00000002 INTL 20100528)
[    0.000000] No NUMA configuration found
[    0.000000] Faking a node at [mem 0x0000000000000000-0x000000003ffeffff]
[    0.000000] NODE_DATA(0) allocated [mem 0x3ffeb000-0x3ffeffff]
[    0.000000] kvm-clock: Using msrs 4b564d01 and 4b564d00
[    0.000000] kvm-clock: cpu 0, msr 0:3ffe3001, primary cpu clock
[    0.000000] kvm-clock: using sched offset of 3136650634 cycles
[    0.000000] clocksource: kvm-clock: mask: 0xffffffffffffffff max_cycles: 0x1cd42e4dffb, max_idle_ns: 881590591483 ns
[    0.000000] Zone ranges:
[    0.000000]   DMA      [mem 0x0000000000001000-0x0000000000ffffff]
[    0.000000]   DMA32    [mem 0x0000000001000000-0x000000003ffeffff]
[    0.000000]   Normal   empty
[    0.000000]   Device   empty
[    0.000000] Movable zone start for each node
[    0.000000] Early memory node ranges
[    0.000000]   node   0: [mem 0x0000000000001000-0x000000000009efff]
[    0.000000]   node   0: [mem 0x0000000000100000-0x000000003ffeffff]
[    0.000000] Initmem setup node 0 [mem 0x0000000000001000-0x000000003ffeffff]
[    0.000000] ACPI: PM-Timer IO Port: 0x4008
[    0.000000] IOAPIC[0]: apic_id 2, version 32, address 0xfec00000, GSI 0-23
[    0.000000] ACPI: INT_SRC_OVR (bus 0 bus_irq 0 global_irq 2 dfl dfl)
[    0.000000] ACPI: INT_SRC_OVR (bus 0 bus_irq 9 global_irq 9 low level)
[    0.000000] Using ACPI (MADT) for SMP configuration information
[    0.000000] smpboot: Allowing 2 CPUs, 0 hotplug CPUs
[    0.000000] PM: Registered nosave memory: [mem 0x00000000-0x00000fff]
[    0.000000] PM: Registered nosave memory: [mem 0x0009f000-0x0009ffff]
[    0.000000] PM: Registered nosave memory: [mem 0x000a0000-0x000effff]
[    0.000000] PM: Registered nosave memory: [mem 0x000f0000-0x000fffff]
[    0.000000] e820: [mem 0x40000000-0xfebfffff] available for PCI devices
[    0.000000] Booting paravirtualized kernel on KVM
[    0.000000] clocksource: refined-jiffies: mask: 0xffffffff max_cycles: 0xffffffff, max_idle_ns: 7645519600211568 ns
[    0.000000] setup_percpu: NR_CPUS:512 nr_cpumask_bits:512 nr_cpu_ids:2 nr_node_ids:1
[    0.000000] PERCPU: Embedded 33 pages/cpu @ffff88003fc00000 s95512 r8192 d31464 u1048576
[    0.000000] Built 1 zonelists in Node order, mobility grouping on.  Total pages: 257912
[    0.000000] Policy zone: DMA32
[    0.000000] Kernel command line: BOOT_IMAGE=/boot/vmlinuz-4.4.0-186-generic root=LABEL=cloudimg-rootfs ro console=tty1 console=ttyS0
[    0.000000] PID hash table entries: 4096 (order: 3, 32768 bytes)
[    0.000000] Memory: 997660K/1048120K available (8636K kernel code, 1337K rwdata, 4040K rodata, 1492K init, 1296K bss, 50460K reserved, 0K cma-reserved)
[    0.000000] SLUB: HWalign=64, Order=0-3, MinObjects=0, CPUs=2, Nodes=1
[    0.000000] Hierarchical RCU implementation.
[    0.000000] 	Build-time adjustment of leaf fanout to 64.
[    0.000000] 	RCU restricting CPUs from NR_CPUS=512 to nr_cpu_ids=2.
[    0.000000] RCU: Adjusting geometry for rcu_fanout_leaf=64, nr_cpu_ids=2
[    0.000000] NR_IRQS:33024 nr_irqs:440 16
[    0.000000] Console: colour VGA+ 80x25
[    0.000000] console [tty1] enabled
[    0.000000] console [ttyS0] enabled
[    0.000000] tsc: Detected 3393.622 MHz processor
[    0.118920] Calibrating delay loop (skipped) preset value.. 6787.24 BogoMIPS (lpj=13574488)
[    0.120273] pid_max: default: 32768 minimum: 301
[    0.121042] ACPI: Core revision 20150930
[    0.122447] ACPI: 2 ACPI AML tables successfully acquired and loaded
[    0.123514] Security Framework initialized
[    0.124161] Yama: becoming mindful.
[    0.124742] AppArmor: AppArmor initialized
[    0.125433] Dentry cache hash table entries: 131072 (order: 8, 1048576 bytes)
[    0.126532] Inode-cache hash table entries: 65536 (order: 7, 524288 bytes)
[    0.128110] Mount-cache hash table entries: 2048 (order: 2, 16384 bytes)
[    0.129055] Mountpoint-cache hash table entries: 2048 (order: 2, 16384 bytes)
[    0.130193] Initializing cgroup subsys io
[    0.130836] Initializing cgroup subsys memory
[    0.131628] Initializing cgroup subsys devices
[    0.132368] Initializing cgroup subsys freezer
[    0.133105] Initializing cgroup subsys net_cls
[    0.133830] Initializing cgroup subsys perf_event
[    0.134608] Initializing cgroup subsys net_prio
[    0.135355] Initializing cgroup subsys hugetlb
[    0.136099] Initializing cgroup subsys pids
[    0.142225] mce: CPU supports 0 MCE banks
[    0.142952] Last level iTLB entries: 4KB 1024, 2MB 1024, 4MB 512
[    0.143899] Last level dTLB entries: 4KB 1536, 2MB 1536, 4MB 768, 1GB 0
[    0.144935] Spectre V1 : Mitigation: usercopy/swapgs barriers and __user pointer sanitization
[    0.146354] Spectre V2 : Spectre mitigation: LFENCE not serializing, switching to generic retpoline
[    0.147859] Spectre V2 : Mitigation: Full generic retpoline
[    0.148753] Spectre V2 : Spectre v2 / SpectreRSB mitigation: Filling RSB on context switch
[    0.150187] Speculative Store Bypass: Mitigation: Speculative Store Bypass disabled via prctl and seccomp
[    0.153881] Freeing SMP alternatives memory: 36K
[    0.159917] ftrace: allocating 32334 entries in 127 pages
[    0.214660] smpboot: APIC(0) Converting physical 0 to logical package 0
[    0.215764] smpboot: Max logical packages: 1
[    0.216716] x2apic enabled
[    0.217466] Switched APIC routing to physical x2apic.
[    0.219241] ..TIMER: vector=0x30 apic1=0 pin1=2 apic2=-1 pin2=-1
[    0.328252] APIC calibration not consistent with PM-Timer: 105ms instead of 100ms
[    0.329603] APIC delta adjusted to PM-Timer: 6306201 (6678579)
[    0.330618] smpboot: CPU0: AMD Ryzen 5 2600 Six-Core Processor (family: 0x17, model: 0x8, stepping: 0x2)
[    0.332355] Performance Events: Broken PMU hardware detected, using software events only.
[    0.333814] Failed to access perfctr msr (MSR c0010007 is 0)
[    0.340583] KVM setup paravirtual spinlock
[    0.341880] x86: Booting SMP configuration:
[    0.342633] .... node  #0, CPUs:      #1
[    0.343438] kvm-clock: cpu 1, msr 0:3ffe3041, secondary cpu clock
[    0.349478] mce: CPU supports 0 MCE banks
[    0.351924] x86: Booted up 1 node, 2 CPUs
[    0.352782] smpboot: Total of 2 processors activated (13574.48 BogoMIPS)
[    0.354143] devtmpfs: initialized
[    0.356196] evm: security.selinux
[    0.356815] evm: security.SMACK64
[    0.357413] evm: security.SMACK64EXEC
[    0.358061] evm: security.SMACK64TRANSMUTE
[    0.358758] evm: security.SMACK64MMAP
[    0.359399] evm: security.ima
[    0.359952] evm: security.capability
[    0.361292] clocksource: jiffies: mask: 0xffffffff max_cycles: 0xffffffff, max_idle_ns: 7645041785100000 ns
[    0.362840] futex hash table entries: 512 (order: 3, 32768 bytes)
[    0.363870] pinctrl core: initialized pinctrl subsystem
[    0.364796] RTC time: 10:31:53, date: 08/31/20
[    0.365745] NET: Registered protocol family 16
[    0.373439] cpuidle: using governor ladder
[    0.381246] cpuidle: using governor menu
[    0.381932] PCCT header not found.
[    0.382808] ACPI: bus type PCI registered
[    0.383501] acpiphp: ACPI Hot Plug PCI Controller Driver version: 0.5
[    0.384553] PCI: Using configuration type 1 for base access
[    0.385445] PCI: Using configuration type 1 for extended access
[    0.394417] ACPI: Added _OSI(Module Device)
[    0.395154] ACPI: Added _OSI(Processor Device)
[    0.395932] ACPI: Added _OSI(3.0 _SCP Extensions)
[    0.396716] ACPI: Added _OSI(Processor Aggregator Device)
[    0.398014] ACPI: Executed 1 blocks of module-level executable AML code
[    0.400531] ACPI: Interpreter enabled
[    0.401187] ACPI: (supports S0 S5)
[    0.401814] ACPI: Using IOAPIC for interrupt routing
[    0.402753] PCI: Using host bridge windows from ACPI; if necessary, use "pci=nocrs" and report a bug
[    0.406917] ACPI: PCI Root Bridge [PCI0] (domain 0000 [bus 00-ff])
[    0.407905] acpi PNP0A03:00: _OSC: OS supports [ExtendedConfig ASPM ClockPM Segments MSI]
[    0.409720] acpi PNP0A03:00: _OSC: platform does not support [PCIeCapability]
[    0.410992] acpi PNP0A03:00: _OSC: not requesting control; platform does not support [PCIeCapability]
[    0.412450] acpi PNP0A03:00: _OSC: OS requested [PCIeHotplug PME AER PCIeCapability]
[    0.413738] acpi PNP0A03:00: _OSC: platform willing to grant [PCIeHotplug PME AER]
[    0.422406] acpi PNP0A03:00: _OSC failed (AE_SUPPORT); disabling ASPM
[    0.423675] PCI host bridge to bus 0000:00
[    0.424352] pci_bus 0000:00: root bus resource [io  0x0000-0x0cf7 window]
[    0.425384] pci_bus 0000:00: root bus resource [io  0x0d00-0xffff window]
[    0.426411] pci_bus 0000:00: root bus resource [mem 0x000a0000-0x000bffff window]
[    0.427677] pci_bus 0000:00: root bus resource [mem 0x40000000-0xfdffffff window]
[    0.428913] pci_bus 0000:00: root bus resource [bus 00-ff]
[    0.431338] pci 0000:00:01.1: legacy IDE quirk: reg 0x10: [io  0x01f0-0x01f7]
[    0.432381] pci 0000:00:01.1: legacy IDE quirk: reg 0x14: [io  0x03f6]
[    0.433373] pci 0000:00:01.1: legacy IDE quirk: reg 0x18: [io  0x0170-0x0177]
[    0.434496] pci 0000:00:01.1: legacy IDE quirk: reg 0x1c: [io  0x0376]
[    0.442487] pci 0000:00:07.0: quirk: [io  0x4000-0x403f] claimed by PIIX4 ACPI
[    0.443783] pci 0000:00:07.0: quirk: [io  0x4100-0x410f] claimed by PIIX4 SMB
[    0.448827] ACPI: PCI Interrupt Link [LNKA] (IRQs 5 9 10 *11)
[    0.450195] ACPI: PCI Interrupt Link [LNKB] (IRQs 5 9 *10 11)
[    0.451455] ACPI: PCI Interrupt Link [LNKC] (IRQs 5 *9 10 11)
[    0.452765] ACPI: PCI Interrupt Link [LNKD] (IRQs 5 9 10 *11)
[    0.454082] ACPI: Enabled 2 GPEs in block 00 to 07
[    0.455255] vgaarb: setting as boot device: PCI:0000:00:02.0
[    0.456164] vgaarb: device added: PCI:0000:00:02.0,decodes=io+mem,owns=io+mem,locks=none
[    0.457562] vgaarb: loaded
[    0.458100] vgaarb: bridge control possible 0000:00:02.0
[    0.459115] SCSI subsystem initialized
[    0.459884] ACPI: bus type USB registered
[    0.460620] usbcore: registered new interface driver usbfs
[    0.461522] usbcore: registered new interface driver hub
[    0.462404] usbcore: registered new device driver usb
[    0.463457] PCI: Using ACPI for IRQ routing
[    0.464511] NetLabel: Initializing
[    0.465136] NetLabel:  domain hash size = 128
[    0.465869] NetLabel:  protocols = UNLABELED CIPSOv4
[    0.466672] NetLabel:  unlabeled traffic allowed by default
[    0.467640] amd_nb: Cannot enumerate AMD northbridges
[    0.468482] clocksource: Switched to clocksource kvm-clock
[    0.474511] AppArmor: AppArmor Filesystem Enabled
[    0.475363] pnp: PnP ACPI init
[    0.476700] pnp: PnP ACPI: found 3 devices
[    0.485371] clocksource: acpi_pm: mask: 0xffffff max_cycles: 0xffffff, max_idle_ns: 2085701024 ns
[    0.486787] NET: Registered protocol family 2
[    0.487593] TCP established hash table entries: 8192 (order: 4, 65536 bytes)
[    0.488653] TCP bind hash table entries: 8192 (order: 5, 131072 bytes)
[    0.489706] TCP: Hash tables configured (established 8192 bind 8192)
[    0.492301] UDP hash table entries: 512 (order: 2, 16384 bytes)
[    0.493253] UDP-Lite hash table entries: 512 (order: 2, 16384 bytes)
[    0.494255] NET: Registered protocol family 1
[    0.495019] pci 0000:00:00.0: Limiting direct PCI/PCI transfers
[    0.495924] pci 0000:00:01.0: Activating ISA DMA hang workarounds
[    0.497003] Unpacking initramfs...
[    0.690314] Freeing initrd memory: 14884K
[    0.691179] clocksource: tsc: mask: 0xffffffffffffffff max_cycles: 0x30eac5b3ab4, max_idle_ns: 440795272524 ns
[    0.692857] platform rtc_cmos: registered platform RTC device (no PNP device found)
[    0.694204] Scanning for low memory corruption every 60 seconds
[    0.695451] audit: initializing netlink subsys (disabled)
[    0.696288] audit: type=2000 audit(1598869918.339:1): initialized
[    0.697365] Initialise system trusted keyring
[    0.698206] HugeTLB registered 2 MB page size, pre-allocated 0 pages
[    0.700022] zbud: loaded
[    0.700872] VFS: Disk quotas dquot_6.6.0
[    0.701536] VFS: Dquot-cache hash table entries: 512 (order 0, 4096 bytes)
[    0.702679] squashfs: version 4.0 (2009/01/31) Phillip Lougher
[    0.703764] fuse init (API version 7.23)
[    0.704650] Key type big_key registered
[    0.705320] Allocating IMA MOK and blacklist keyrings.
[    0.708980] Key type asymmetric registered
[    0.709724] Asymmetric key parser 'x509' registered
[    0.710617] Block layer SCSI generic (bsg) driver version 0.4 loaded (major 249)
[    0.711865] io scheduler noop registered
[    0.712526] io scheduler deadline registered (default)
[    0.713357] io scheduler cfq registered
[    0.714066] pci_hotplug: PCI Hot Plug PCI Core version: 0.5
[    0.714917] pciehp: PCI Express Hot Plug Controller Driver version: 0.4
[    0.715981] ACPI: AC Adapter [AC] (on-line)
[    0.716716] input: Power Button as /devices/LNXSYSTM:00/LNXPWRBN:00/input/input0
[    0.717949] ACPI: Power Button [PWRF]
[    0.718628] input: Sleep Button as /devices/LNXSYSTM:00/LNXSLPBN:00/inputinput1
[    0.746286] ACPI: Sleep Button [SLPF]
[    0.747111] GHES: HEST is not enabled!
[    0.747933] Serial: 8250/16550 driver, 32 ports, IRQ sharing enabled
[    0.769427] 00:02: ttyS0 at I/O 0x3f8 (irq = 4, base_baud = 115200) is a 16550A
[    0.772695] Linux agpgart interface v0.103
[    0.774601] loop: module loaded
[    0.775589] scsi host0: ata_piix
[    0.776266] scsi host1: ata_piix
[    0.776893] ata1: PATA max UDMA/33 cmd 0x1f0 ctl 0x3f6 bmdma 0xd000 irq 14
[    0.777878] ata2: PATA max UDMA/33 cmd 0x170 ctl 0x376 bmdma 0xd008 irq 15
[    0.779244] libphy: Fixed MDIO Bus: probed
[    0.779918] tun: Universal TUN/TAP device driver, 1.6
[    0.780798] tun: (C) 1999-2004 Max Krasnyansky <maxk@qualcomm.com>
[    0.781977] PPP generic driver version 2.4.2
[    0.782737] ehci_hcd: USB 2.0 'Enhanced' Host Controller (EHCI) Driver
[    0.783694] ehci-pci: EHCI PCI platform driver
[    0.784410] ehci-platform: EHCI generic platform driver
[    0.785231] ohci_hcd: USB 1.1 'Open' Host Controller (OHCI) Driver
[    0.786137] ohci-pci: OHCI PCI platform driver
[    0.786847] ohci-platform: OHCI generic platform driver
[    0.787657] uhci_hcd: USB Universal Host Controller Interface driver
[    0.788674] i8042: PNP: PS/2 Controller [PNP0303:PS2K,PNP0f03:PS2M] at 0x60,0x64 irq 1,12
[    0.790482] serio: i8042 KBD port at 0x60,0x64 irq 1
[    0.791275] serio: i8042 AUX port at 0x60,0x64 irq 12
[    0.792234] mousedev: PS/2 mouse device common for all mice
[    0.793594] input: AT Translated Set 2 keyboard as /devices/platform/i8042/serio0/input/input2
[    0.795036] rtc_cmos rtc_cmos: rtc core: registered rtc_cmos as rtc0
[    0.796152] rtc_cmos rtc_cmos: alarms up to one day, 114 bytes nvram
[    0.797148] i2c /dev entries driver
[    0.797803] device-mapper: uevent: version 1.0.3
[    0.798617] device-mapper: ioctl: 4.34.0-ioctl (2015-10-28) initialised: dm-devel@redhat.com
[    0.799951] ledtrig-cpu: registered to indicate activity on CPUs
[    0.801189] NET: Registered protocol family 10
[    0.802054] NET: Registered protocol family 17
[    0.802797] Key type dns_resolver registered
[    0.803767] registered taskstats version 1
[    0.804455] Loading compiled-in X.509 certificates
[    0.805712] Loaded X.509 cert 'Build time autogenerated kernel key: cef5e81496c0efa51b848ab539e845ddf31c08be'
[    0.807273] zswap: loaded using pool lzo/zbud
[    0.809313] Key type trusted registered
[    0.811995] Key type encrypted registered
[    0.812677] AppArmor: AppArmor sha1 policy hashing enabled
[    0.813536] ima: No TPM chip found, activating TPM-bypass!
[    0.814384] ima: Allocated hash algorithm: sha1
[    0.815112] evm: HMAC attrs: 0x1
[    0.816012]   Magic number: 0:879:528
[    0.816770] rtc_cmos rtc_cmos: setting system clock to 2020-08-31 10:31:53 UTC (1598869913)
[    0.818244] BIOS EDD facility v0.16 2004-Jun-25, 0 devices found
[    0.819130] EDD information not available.
[    0.956603] Freeing unused kernel memory: 1492K
[    0.957380] Write protecting the kernel read-only data: 14336k
[    0.958567] Freeing unused kernel memory: 1592K
[    0.959401] Freeing unused kernel memory: 56K
Loading, please wait...
starting version 229
[    0.968246] random: systemd-udevd: uninitialized urandom read (16 bytes read, 3 bits of entropy available)
[    0.968560] random: udevadm: uninitialized urandom read (16 bytes read, 3 bits of entropy available)
[    0.968576] random: udevadm: uninitialized urandom read (16 bytes read, 3 bits of entropy available)
[    0.972894] random: systemd-udevd: uninitialized urandom read (16 bytes read, 3 bits of entropy available)
[    0.974472] random: systemd-udevd: uninitialized urandom read (16 bytes read, 3 bits of entropy available)
[    0.974937] random: udevadm: uninitialized urandom read (16 bytes read, 3 bits of entropy available)
[    0.974970] random: udevadm: uninitialized urandom read (16 bytes read, 3 bits of entropy available)
[    0.975070] random: udevadm: uninitialized urandom read (16 bytes read, 3 bits of entropy available)
[    0.975108] random: udevadm: uninitialized urandom read (16 bytes read, 3 bits of entropy available)
[    0.975145] random: udevadm: uninitialized urandom read (16 bytes read, 3 bits of entropy available)
[    1.007692] e1000: Intel(R) PRO/1000 Network Driver - version 7.3.21-k8-NAPI
[    1.008716] e1000: Copyright (c) 1999-2006 Intel Corporation.
[    1.017696] Fusion MPT base driver 3.04.20
[    1.018367] Copyright (c) 1999-2008 LSI Corporation
[    1.022683] Fusion MPT SPI Host driver 3.04.20
[    1.025512] AVX2 version of gcm_enc/dec engaged.
[    1.026319] AES CTR mode by8 optimization enabled
[    1.654628] input: ImExPS/2 Generic Explorer Mouse as /devices/platform/i8042/serio1/input/input4
[    1.676647] e1000 0000:00:03.0 eth0: (PCI:33MHz:32-bit) 02:81:88:50:25:98
[    1.677788] e1000 0000:00:03.0 eth0: Intel(R) PRO/1000 Network Connection
[    2.020380] e1000 0000:00:08.0 eth1: (PCI:33MHz:32-bit) 08:00:27:ee:83:83
[    2.021411] e1000 0000:00:08.0 eth1: Intel(R) PRO/1000 Network Connection
[    2.023526] e1000 0000:00:03.0 enp0s3: renamed from eth0
[    2.024441] mptbase: ioc0: Initiating bringup
[    2.036820] e1000 0000:00:08.0 enp0s8: renamed from eth1
[    2.093126] ioc0: LSI53C1030 A0: Capabilities={Initiator}
[    2.253467] scsi host2: ioc0: LSI53C1030 A0, FwRev=00000000h, Ports=1, MaxQ=256, IRQ=20
[    3.173267] scsi 2:0:0:0: Direct-Access     VBOX     HARDDISK         1.0  PQ: 0 ANSI: 5
[    3.174585] scsi target2:0:0: Beginning Domain Validation
[    3.175997] scsi target2:0:0: Domain Validation skipping write tests
[    3.176955] scsi target2:0:0: Ending Domain Validation
[    3.177787] scsi target2:0:0: asynchronous
[    3.178701] scsi 2:0:1:0: Direct-Access     VBOX     HARDDISK         1.0  PQ: 0 ANSI: 5
[    3.180037] scsi target2:0:1: Beginning Domain Validation
[    3.181344] scsi target2:0:1: Domain Validation skipping write tests
[    3.182285] scsi target2:0:1: Ending Domain Validation
[    3.183082] scsi target2:0:1: asynchronous
[    3.187340] sd 2:0:0:0: Attached scsi generic sg0 type 0
[    3.187539] sd 2:0:0:0: [sda] 20971520 512-byte logical blocks: (10.7 GB/10.0 GiB)
[    3.187616] sd 2:0:0:0: [sda] Write Protect is off
[    3.187810] sd 2:0:0:0: [sda] Incomplete mode parameter data
[    3.187811] sd 2:0:0:0: [sda] Assuming drive cache: write through
[    3.189290]  sda: sda1
[    3.189742] sd 2:0:0:0: [sda] Attached SCSI disk
[    3.193977] sd 2:0:1:0: Attached scsi generic sg1 type 0
[    3.194091] sd 2:0:1:0: [sdb] 20480 512-byte logical blocks: (10.5 MB/10.0 MiB)
[    3.194175] sd 2:0:1:0: [sdb] Write Protect is off
[    3.194233] sd 2:0:1:0: [sdb] Incomplete mode parameter data
[    3.194234] sd 2:0:1:0: [sdb] Assuming drive cache: write through
[    3.195918] sd 2:0:1:0: [sdb] Attached SCSI disk
Begin: Loading essential drivers ... [    4.460152] md: linear personality registered for level -1
[    4.462605] md: multipath personality registered for level -4
[    4.465687] md: raid0 personality registered for level 0
[    4.469041] md: raid1 personality registered for level 1
[    4.540965] raid6: sse2x1   gen()  7962 MB/s
[    4.608489] raid6: sse2x1   xor()  7779 MB/s
[    4.676498] raid6: sse2x2   gen() 16125 MB/s
[    4.744598] raid6: sse2x2   xor()  9865 MB/s
[    4.812997] raid6: sse2x4   gen() 16876 MB/s
[    4.880494] raid6: sse2x4   xor()  9533 MB/s
[    4.948494] raid6: avx2x1   gen() 17041 MB/s
[    5.016683] raid6: avx2x2   gen() 23254 MB/s
[    5.085079] raid6: avx2x4   gen() 22954 MB/s
[    5.085857] raid6: using algorithm avx2x2 gen() 23254 MB/s
[    5.086717] raid6: using avx2x2 recovery algorithm
[    5.088500] xor: automatically using best checksumming function:
[    5.128486]    avx       : 15034.000 MB/sec
[    5.130098] async_tx: api initialized (async)
[    5.137477] md: raid6 personality registered for level 6
[    5.138358] md: raid5 personality registered for level 5
[    5.139206] md: raid4 personality registered for level 4
[    5.144025] md: raid10 personality registered for level 10
done.
Begin: Running /scripts/init-premount ... done.
Begin: Mounting root file system ... Begin: Running /scripts/local-top ... done.
Begin: Running /scripts/local-premount ... [    5.165810] Btrfs loaded
Scanning for Btrfs filesystems
done.
Warning: fsck not present, so skipping root file system
[    5.278439] EXT4-fs (sda1): mounted filesystem with ordered data mode. Opts: (null)
done.
Begin: Running /scripts/local-bottom ... done.
Begin: Running /scripts/init-bottom ... done.
[    5.354462] systemd[1]: systemd 229 running in system mode. (+PAM +AUDIT +SELINUX +IMA +APPARMOR +SMACK +SYSVINIT +UTMP +LIBCRYPTSETUP +GCRYPT +GNUTLS +ACL +XZ -LZ4 +SECCOMP +BLKID +ELFUTILS +KMOD -IDN)
[    5.357213] systemd[1]: Detected virtualization oracle.
[    5.358007] systemd[1]: Detected architecture x86-64.

Welcome to [1mUbuntu 16.04.6 LTS[0m!

[    5.360980] systemd[1]: Set hostname to <ubuntu>.
[    5.363369] systemd[1]: Initializing machine ID from random generator.
[    5.364555] systemd[1]: Installed transient /etc/machine-id file.
[    5.465811] systemd[1]: Reached target Encrypted Volumes.
[[0;32m  OK  [0m] Reached target Encrypted Volumes.
[    5.467511] systemd[1]: Listening on Syslog Socket.
[[0;32m  OK  [0m] Listening on Syslog Socket.
[    5.469027] systemd[1]: Listening on /dev/initctl Compatibility Named Pipe.
[[0;32m  OK  [0m] Listening on /dev/initctl Compatibility Named Pipe.
[    5.470974] systemd[1]: Listening on LVM2 metadata daemon socket.
[[0;32m  OK  [0m] Listening on LVM2 metadata daemon socket.
[    5.473077] systemd[1]: Created slice System Slice.
[[0;32m  OK  [0m] Created slice System Slice.
[    5.474670] systemd[1]: Listening on udev Control Socket.
[[0;32m  OK  [0m] Listening on udev Control Socket.
[    5.476206] systemd[1]: Reached target User and Group Name Lookups.
[[0;32m  OK  [0m] Reached target User and Group Name Lookups.
[    5.477932] systemd[1]: Reached target Swap.
[[0;32m  OK  [0m] Reached target Swap.
[    5.479285] systemd[1]: Started Trigger resolvconf update for networkd DNS.
[[0;32m  OK  [0m] Started Trigger resolvconf update for networkd DNS.
[    5.481180] systemd[1]: Listening on LVM2 poll daemon socket.
[[0;32m  OK  [0m] Listening on LVM2 poll daemon socket.
[    5.482880] systemd[1]: Listening on Journal Audit Socket.
[[0;32m  OK  [0m] Listening on Journal Audit Socket.
[    5.484649] systemd[1]: Set up automount Arbitrary Executable File Formats File System Automount Point.
[[0;32m  OK  [0m] Set up automount Arbitrary Executab...ats File System Automount Point.
[    5.487114] systemd[1]: Listening on Device-mapper event daemon FIFOs.
[[0;32m  OK  [0m] Listening on Device-mapper event daemon FIFOs.
[    5.488961] systemd[1]: Started Forward Password Requests to Wall Directory Watch.
[[0;32m  OK  [0m] Started Forward Password Requests to Wall Directory Watch.
[    5.491220] systemd[1]: Listening on Journal Socket (/dev/log).
[[0;32m  OK  [0m] Listening on Journal Socket (/dev/log).
[    5.493096] systemd[1]: Created slice system-serial\x2dgetty.slice.
[[0;32m  OK  [0m] Created slice system-serial\x2dgetty.slice.
[    5.494859] systemd[1]: Listening on Journal Socket.
[[0;32m  OK  [0m] Listening on Journal Socket.
[    5.509038] systemd[1]: Starting Create list of required static device nodes for the current kernel...
         Starting Create list of required st... nodes for the current kernel...
[    5.512245] systemd[1]: Starting Nameserver information manager...
         Starting Nameserver information manager...
[    5.514698] systemd[1]: Starting Set console keymap...
         Starting Set console keymap...
[    5.516613] systemd[1]: Mounting Huge Pages File System...
         Mounting Huge Pages File System...
[    5.518505] systemd[1]: Starting Remount Root and Kernel File Systems...
         Starting Remount Root and Kernel File Systems...
[    5.520770] systemd[1]: Starting Journal Service...
         Starting Journal Service...
[    5.522878] systemd[1]: Starting Uncomplicated firewall...
         Starting Uncomplicated firewall...
[    5.526295] systemd[1]: Mounting POSIX Message Queue File System...
         Mounting POSIX Message Queue File System...
[    5.529397] systemd[1]: Mounting Debug File System...
[    5.530395] EXT4-fs (sda1): re-mounted. Opts: (null)
         Mounting Debug File System...
[    5.533487] systemd[1]: Starting Load Kernel Modules...
         Starting Load Kernel Modules...
[    5.535073] systemd[1]: Listening on udev Kernel Socket.
[[0;32m  OK  [0m] Listening on udev Kernel Socket.
[    5.537129] systemd[1]: Created slice User and Session Slice.
[[0;32m  OK  [0m] Created slice User and Session Slice.
[    5.540978] systemd[1]: Reached target Slices.
[[0;32m  OK  [0m] Reached target Slices.
[    5.542905] systemd[1]: Starting Monitoring of LVM2 mirrors, snapshots etc. using dmeventd or progress polling...
         Starting Monitoring of LVM2 mirrors... dmeventd or progress polling...
[    5.545825] systemd[1]: Reached target System Time Synchronized.
[[0;32m  OK  [0m] Reached target System Time Synchronized.
[    5.548665] systemd[1]: Mounted Huge Pages File System.
[[0;32m  OK  [0m] Mounted Huge Pages File System.
[    5.550297] systemd[1]: Mounted POSIX Message Queue File System.
[[0;32m  OK  [0m] Mounted POSIX Message Queue File System.
[    5.552016] systemd[1]: Mounted Debug File System.
[[0;32m  OK  [0m] Mounted Debug File System.
[    5.553773] systemd[1]: Started Create list of required static device nodes for the current kernel.
[[0;32m  OK  [0m] Started Create list of required sta...ce nodes for the current kernel.
[    5.557983] systemd[1]: Started Set console keymap.
[[0;32m  OK  [0m] Started Set console keymap.
[    5.559899] systemd[1]: Started Remount Root and Kernel File Systems.
[[0;32m  OK  [0m] Started Remount Root and Kernel File Systems.
[    5.562478] systemd[1]: Started Uncomplicated firewall.
[[0;32m  OK  [0m] Started Uncomplicated firewall.
[    5.565041] systemd[1]: Starting Load/Save Random Seed...
         Starting Load/Save Random Seed...
[    5.569049] systemd[1]: Starting udev Coldplug all Devices...
         Starting udev Coldplug all Devices...
[    5.571267] systemd[1]: Starting Create Static Device Nodes in /dev...
         Starting Create Static Device Nodes in /dev...
[    5.580746] systemd[1]: Started Journal Service.
[[0;32m  OK  [0m] Started Journal Service.
[[0;32m  OK  [0m] Started Nameserver information manager.
         Starting Flush Journal to Persistent Storage...
[[0;32m  OK  [0m] Started Load/Save Random Seed.
[    5.595172] systemd-journald[381]: Received request to flush runtime journal from PID 1
[[0;32m  OK  [0m] Started Flush Journal to Persistent Storage.
[[0;32m  OK  [0m] Started udev Coldplug all Devices.
[    5.604001] Loading iSCSI transport class v2.0-870.
[[0;32m  OK  [0m] Started LVM2 metadata daemon.
[[0;32m  OK  [0m] Started Create Static Device Nodes in /dev.
         Starting udev Kernel Device Manager...
[    5.614547] iscsi: registered transport (tcp)
[[0;32m  OK  [0m] Started udev Kernel Device Manager.
[[0;32m  OK  [0m] Started Dispatch Password Requests to Console Directory Watch.
[    5.645035] iscsi: registered transport (iser)
[[0;32m  OK  [0m] Started Load Kernel Modules.
         Mounting FUSE Control File System...
         Starting Apply Kernel Variables...
[[0;32m  OK  [0m] Mounted FUSE Control File System.
[    5.670057] random: nonblocking pool is initialized
[[0;32m  OK  [0m] Started Apply Kernel Variables.
[[0;32m  OK  [0m] Found device /dev/ttyS0.
[[0;32m  OK  [0m] Listening on Load/Save RF Kill Switch Status /dev/rfkill Watch.
[[0;32m  OK  [0m] Started Monitoring of LVM2 mirrors,...ng dmeventd or progress polling.
[[0;32m  OK  [0m] Reached target Local File Systems (Pre).
[[0;32m  OK  [0m] Reached target Local File Systems.
         Starting LSB: AppArmor initialization...
         Starting Set console font and keymap...
         Starting Initial cloud-init job (pre-networking)...
         Starting Commit a transient machine-id on disk...
         Starting Tell Plymouth To Write Out Runtime Data...
         Starting Create Volatile Files and Directories...
[[0;32m  OK  [0m] Started Commit a transient machine-id on disk.
[[0;32m  OK  [0m] Started Tell Plymouth To Write Out Runtime Data.
[[0;32m  OK  [0m] Started Create Volatile Files and Directories.
         Starting Update UTMP about System Boot/Shutdown...
[[0;32m  OK  [0m] Started Update UTMP about System Boot/Shutdown.
[    6.853875] cloud-init[616]: Cloud-init v. 20.2-45-g5f7825e2-0ubuntu1~16.04.1 running 'init-local' at Mon, 31 Aug 2020 10:31:59 +0000. Up 6.48 seconds.
[[0;32m  OK  [0m] Started Initial cloud-init job (pre-networking).
[[0;32m  OK  [0m] Reached target Network (Pre).
[[0;32m  OK  [0m] Started LSB: AppArmor initialization.
         Starting Load AppArmor profiles managed internally by snapd...
         Starting Raise network interfaces...
[[0;32m  OK  [0m] Started Load AppArmor profiles managed internally by snapd.
[[0;32m  OK  [0m] Started Set console font and keymap.
[[0;32m  OK  [0m] Created slice system-getty.slice.
[[0;32m  OK  [0m] Started Raise network interfaces.
[[0;32m  OK  [0m] Reached target Network.
         Starting Initial cloud-init job (metadata service crawler)...
[    7.651663] cloud-init[958]: Cloud-init v. 20.2-45-g5f7825e2-0ubuntu1~16.04.1 running 'init' at Mon, 31 Aug 2020 10:32:00 +0000. Up 7.26 seconds.
[    7.655314] cloud-init[958]: ci-info: ++++++++++++++++++++++++++++++++++++++Net device info+++++++++++++++++++++++++++++++++++++++
[    7.656747] cloud-init[958]: ci-info: +--------+-------+----------------------------+---------------+--------+-------------------+
[    7.658259] cloud-init[958]: ci-info: | Device |   Up  |          Address           |      Mask     | Scope  |     Hw-Address    |
[    7.659707] cloud-init[958]: ci-info: +--------+-------+----------------------------+---------------+--------+-------------------+
[    7.661170] cloud-init[958]: ci-info: | enp0s3 |  True |         10.0.2.15          | 255.255.255.0 | global | 02:81:88:50:25:98 |
[    7.662617] cloud-init[958]: ci-info: | enp0s3 |  True | fe80::81:88ff:fe50:2598/64 |       .       |  link  | 02:81:88:50:25:98 |
[    7.663989] cloud-init[958]: ci-info: | enp0s8 | False |             .              |       .       |   .    | 08:00:27:ee:83:83 |
[    7.665584] cloud-init[958]: ci-info: |   lo   |  True |         127.0.0.1          |   255.0.0.0   |  host  |         .         |
[    7.666783] cloud-init[958]: ci-info: |   lo   |  True |          ::1/128           |       .       |  host  |         .         |
[    7.668293] cloud-init[958]: ci-info: +--------+-------+----------------------------+---------------+--------+-------------------+
[    7.669780] cloud-init[958]: ci-info: +++++++++++++++++++++++++++Route IPv4 info++++++++++++++++++++++++++++
[    7.671210] cloud-init[958]: ci-info: +-------+-------------+----------+---------------+-----------+-------+
[    7.672519] cloud-init[958]: ci-info: | Route | Destination | Gateway  |    Genmask    | Interface | Flags |
[    7.673750] cloud-init[958]: ci-info: +-------+-------------+----------+---------------+-----------+-------+
[    7.675051] cloud-init[958]: ci-info: |   0   |   0.0.0.0   | 10.0.2.2 |    0.0.0.0    |   enp0s3  |   UG  |
[    7.676357] cloud-init[958]: ci-info: |   1   |   10.0.2.0  | 0.0.0.0  | 255.255.255.0 |   enp0s3  |   U   |
[    7.677711] cloud-init[958]: ci-info: +-------+-------------+----------+---------------+-----------+-------+
[    7.679114] cloud-init[958]: ci-info: +++++++++++++++++++Route IPv6 info+++++++++++++++++++
[    7.688999] cloud-init[958]: ci-info: +-------+-------------+---------+-----------+-------+
[    7.690103] [[0;32m  OK  [0m] Started Initial cloud-init job (metadata service crawler).
[[0;32m  OK  [0m] Reached target Network is Online.
cloud-init[958]: ci-info: | Route | Destination | Gateway | Interface | Flags |
[    7.692182] cloud-init[958]: ci-info: +-------+-------------+---------+-----------+-------+
[    7.715479]          Starting iSCSI initiator daemon (iscsid)...
[[0;32m  OK  [0m] Reached target Cloud-config availability.
[[0;32m  OK  [0m] Reached target System Initialization.
         Starting Socket activation for snappy daemon.
[[0;32m  OK  [0m] Listening on D-Bus System Message Bus Socket.
cloud-init[958]:          Starting LXD - unix socket.
[[0;32m  OK  [0m] Listening on UUID daemon activation socket.
[[0;32m  OK  [0m] Listening on ACPID Listen Socket.
ci-info: |   0   |  fe80::/64  |    ::   |   enp0s3  |   U   |
[[0;32m  OK  [0m] Started ACPI Events Check.
[    7.720694] [[0;32m  OK  [0m] Reached target Paths.
[[0;32m  OK  [0m] Started Daily apt download activities.
[[0;32m  OK  [0m] Started Daily apt upgrade and clean activities.
[[0;32m  OK  [0m] Started Daily Cleanup of Temporary Directories.
[[0;32m  OK  [0m] Started Message of the Day.
[[0;32m  OK  [0m] Reached target Timers.
cloud-init[[0;32m  OK  [0m] Listening on Socket activation for snappy daemon.
[[0;32m  OK  [0m] Listening on LXD - unix socket.
[[0;32m  OK  [0m] Reached target Sockets.
[[0;32m  OK  [0m] Reached target Basic System.
[958]: ci-info: |   3   |   ff00::/8  |    ::   |   enp0s3  |   U   |[[0;32m  OK  [0m] Started ACPI event daemon.

[    7.727951]          Starting Accounts Service...
cloud-init[958]: ci-info: +-------+-------------+---------+-----------+-------+
         Starting LSB: MD monitoring daemon...
         Starting /etc/rc.local Compatibility...
[[0;32m  OK  [0m] Started FUSE filesystem for LXC.
         Starting System Logging Service...
         Starting Virtualbox guest utils...
         Starting Pollinate to seed the pseudo random number generator...
[    7.729485]          Starting LXD - container startup/shutdown...
         Starting Login Service...
[[0;32m  OK  [0m] Started D-Bus System Message Bus.
cloud-init[958]: Generating public/private rsa key pair.
[    7.745547] cloud-init[958]: Your identification has been saved in /etc/ssh/ssh_host_rsa_key.
[    7.746691] cloud-init[958]: Your public key has been saved in /etc/ssh/ssh_host_rsa_key.pub.
[    7.747781] cloud-init[958]: The key fingerprint is:
[    7.748954] cloud-init[958]: SHA256:26NEyjGcxpfteowwtF6rtgyBg59Z/mMRqKplMaJvoJc root@ubuntu-xenial
[    7.750327] cloud-init[958]: The key's randomart image is:
[    7.752055] cloud-init[958]: +---[RSA 2048]----+
[    7.752752] cloud-init[958]: |                 |
[    7.753439] cloud-init[958]: |                 |
[    7.754104] cloud-init[958]: |     .           |
[    7.754781] cloud-init[958]: | . ..oo. o       |
[    7.755447] cloud-init[958]: |o =.o.BoS .      |
[    7.756187] cloud-init[958]: |oo.O +=*.+       |
[    7.756892] cloud-init[958]: |oo*.o.o=o++      |
[    7.757600] cloud-init[958]: |o+E  +=.ooo.     |
[    7.758251] cloud-init[958]: |oo.  o=+o.       |
[    7.758879] cloud-init[958]: +----[SHA256]-----+
[    7.759495] cloud-init[958]: Generating public/private dsa key pair.
[    7.760332] cloud-init[958]: Your identification has been saved in /etc/ssh/ssh_host_dsa_key.
[    7.761354] cloud-init[958]: Your public key has been saved in /etc/ssh/ssh_host_dsa_key.pub.
[    7.772445] cloud-init[958]: The key fingerprint is:
[    7.773134] cloud-init[958]: SHA256:mJiJDv9pddYW9VBxip7Xj+BLav3czwUbMxjH5Ynnu1c root@ubuntu-xenial
[    7.774348] cloud-init[958]: The key's randomart image is:
[    7.775439] cloud-init[958]: +---[DSA 1024]----+
[    7.776261] cloud-init[958]: |             .o.o|
[    7.777337] cloud-init[958]: |            oo.=.|
[    7.778530] cloud-init[958]: |           .o++o.|
[    7.779446] cloud-init[958]: |   . + o  .. =+. |
[    7.780451] cloud-init[958]: |. . + o S. .= *..|
[    7.784927] cloud-init[958]: | +    . o o. o BE|
[    7.786289] cloud-init[958]: |  o  . o . .o o.+|
[    7.787183] cloud-init[958]: |   ...    .o.o o+|
[    7.789842] cloud-init[958]: |   .o    .. ..o.*|
[    7.790690] cloud-init[958]: +----[SHA256]-----+
[    7.791598] cloud-init[958]: Generating public/private ecdsa key pair.         Starting Snap Daemon...
[[0;32m  OK  [0m] Started Deferred execution scheduler.
         Starting LSB: Record successful boot for GRUB...
[[0;32m  OK  [0m] Started Regular background program processing daemon.
[[0;32m  OK  [0m] Started System Logging Service.
[[0;32m  OK  [0m] Started iSCSI initiator daemon (iscsid).
[[0;32m  OK  [0m] Started /etc/rc.local Compatibility.
         Starting Login to default iSCSI targets...
[[0;32m  OK  [0m] Started Login Service.
[[0;32m  OK  [0m] Started Unattended Upgrades Shutdown.

[    7.836375] cloud-init[958]: Your identification has been saved in /etc/ssh/ssh_host_ecdsa_key.
[    7.838882] cloud-init[958]: Your public key has been saved in /etc/ssh/ssh_host_ecdsa_key.pub.
[[0;32m  OK  [0m] Started LSB: Record successful boot for GRUB.
[[0;32m  OK  [0m] Started LSB: MD monitoring daemon.
[    7.848214] cloud-init[958]: The key fingerprint is:
[    7.850823] cloud-init[958]: SHA256:N0wLyWeNGBM0hd/CkbvceB+B7JBKQQ6zGGPMG0mRgK0 root@ubuntu-xenial
[    7.854687] cloud-init[958]: The key's randomart image is:
[    7.855555] cloud-init[958]: +---[ECDSA 256]---+
[    7.857370] cloud-init[958]: | o.=*+ooB+..     |
[    7.859231] cloud-init[958]: |. ..*+ *o*oo     |
[    7.860455] cloud-init[958]: | .  .o. *+=*..   |
[    7.862535] cloud-init[958]: |E   .   .*B.+ .  |
[    7.863705] cloud-init[958]: |       .So=B   . |
[    7.864948] cloud-init         Starting Authenticate and Authorize Users to Run Privileged Tasks...
[958]: |        ..+.+ .  |
[[0;32m  OK  [0m] Started Login to default iSCSI targets.
[[0;32m  OK  [0m] Reached target Remote File Systems (Pre).
[[0;32m  OK  [0m] Reached target Remote File Systems.
[    7.875584] cloud-init[958]:          Starting LSB: daemon to balance interrupts for SMP systems...
         Starting LSB: Set the CPU Frequency Scaling governor to "ondemand"...
         Starting LSB: automatic crash report generation...
         Starting Permit User Sessions...
[[0;32m  OK  [0m] Started Permit User Sessions.
         Starting Hold until boot process finishes up...
         Starting Terminate Plymouth Boot Screen...
[[0;32m  OK  [0m] Started Hold until boot process finishes up.
|           . . . |
[[0;32m  OK  [0m] Started Virtualbox guest utils.
[    7.910122] cloud-init[958]: |              .  |
[    7.913332] cloud-init[958]: |                 |
[    7.917250] cloud-init[958]: +----[SHA256]-----+
[    7.923123] cloud-init[958]: Generating public/private ed25519 key pair.[[0;32m  OK  [0m] Started Serial Getty on ttyS0.
[[0;32m  OK  [0m] Started Getty on tty1.
[[0;32m  OK  [0m] Reached target Login Prompts.
         Starting Set console scheme...
[[0;32m  OK  [0m] Started LSB: Set the CPU Frequency Scaling governor to "ondemand".
[[0;32m  OK  [0m] Started Terminate Plymouth Boot Screen.

[    7.944827] cloud-init[958]: Your identification has been saved in /etc/ssh/ssh_host_ed25519_key.
[[0;32m  OK  [0m] Started Set console scheme.
[[0;32m  OK  [0m] Started LSB: daemon to balance interrupts for SMP systems.
[    7.949733] cloud-init[958]: Your public key has been saved in /etc/ssh/ssh_host_ed25519_key.pub.
[[0;32m  OK  [0m] Started LXD - container startup/shutdown.
[[0;32m  OK  [0m] Started Authenticate and Authorize Users to Run Privileged Tasks.
[[0;32m  OK  [0m] Started Accounts Service.
[    7.958054] cloud-init[958]: The key fingerprint is:
[    7.961443] cloud-init[[0;32m  OK  [0m] Started LSB: automatic crash report generation.
[958]: SHA256:RyQdw6Y+hOsu8szKUDVuw/j11rmSweAyANZKmi+vgec root@ubuntu-xenial
[    7.964936] cloud-init[958]: The key's randomart image is:
[    7.965870] cloud-init[958]: +--[ED25519 256]--+
[    7.966565] cloud-init[958]: |  .     .o+.     |
[    7.967341] cloud-init[958]: |.o .     o+.     |
[    7.970276] cloud-init[958]: |+o. o  . o.      |
[    7.971062] cloud-init[958]: |o..= .o o.       |
[    7.971793] cloud-init[958]: | .o.=..*S .      |
[    7.972765] cloud-init[958]: |o..oooo.=o .     |
[    7.973590] cloud-init[958]: |+o. .+  o+o      |
[    7.974386] cloud-init[958]: | *oo. ..o  .     |
[    7.975305] cloud-init[958]: |..E++o.  ..      |
[    7.977510] cloud-init[958]: +----[SHA256]-----+
[[0;32m  OK  [0m] Started Snap Daemon.
         Starting Wait until snapd is fully seeded...
[[0;32m  OK  [0m] Started Pollinate to seed the pseudo random number generator.
         Starting OpenBSD Secure Shell server...
[[0;32m  OK  [0m] Started OpenBSD Secure Shell server.
[[0;32m  OK  [0m] Created slice User Slice of vagrant.
         Starting User Manager for UID 1000...
[[0;32m  OK  [0m] Started Session 1 of user vagrant.
[[0;32m  OK  [0m] Started User Manager for UID 1000.

Ubuntu 16.04.6 LTS ubuntu-xenial ttyS0

ubuntu-xenial login: [   15.056002] cloud-init[1498]: Generating locales (this might take a while)...
[   15.793051] cloud-init[1498]:   en_US.UTF-8... done
[   15.793522] cloud-init[1498]: Generation complete.
[   16.004535] cloud-init[1498]: Cloud-init v. 20.2-45-g5f7825e2-0ubuntu1~16.04.1 running 'modules:config' at Mon, 31 Aug 2020 10:32:07 +0000. Up 14.98 seconds.
ci-info: no authorized SSH keys fingerprints found for user ubuntu.
<14>Aug 31 10:32:09 ec2: 
<14>Aug 31 10:32:09 ec2: #############################################################
<14>Aug 31 10:32:09 ec2: -----BEGIN SSH HOST KEY FINGERPRINTS-----
<14>Aug 31 10:32:09 ec2: 1024 SHA256:mJiJDv9pddYW9VBxip7Xj+BLav3czwUbMxjH5Ynnu1c root@ubuntu-xenial (DSA)
<14>Aug 31 10:32:09 ec2: 256 SHA256:N0wLyWeNGBM0hd/CkbvceB+B7JBKQQ6zGGPMG0mRgK0 root@ubuntu-xenial (ECDSA)
<14>Aug 31 10:32:09 ec2: 256 SHA256:RyQdw6Y+hOsu8szKUDVuw/j11rmSweAyANZKmi+vgec root@ubuntu-xenial (ED25519)
<14>Aug 31 10:32:09 ec2: 2048 SHA256:26NEyjGcxpfteowwtF6rtgyBg59Z/mMRqKplMaJvoJc root@ubuntu-xenial (RSA)
<14>Aug 31 10:32:09 ec2: -----END SSH HOST KEY FINGERPRINTS-----
<14>Aug 31 10:32:09 ec2: #############################################################
-----BEGIN SSH HOST KEY KEYS-----
ecdsa-sha2-nistp256 AAAAE2VjZHNhLXNoYTItbmlzdHAyNTYAAAAIbmlzdHAyNTYAAABBBIGxnRK8L88gXN2E3XdtDkqIf1CldLaVPlPNGed5LrakcneXLBfkytJRSCa00jZ2iE9wykY4yVaG77HNxL6B7gk= root@ubuntu-xenial
ssh-ed25519 AAAAC3NzaC1lZDI1NTE5AAAAIMPwV26+srwUW6KtLEznuut07oRa5xcOhQhlCax0/0r4 root@ubuntu-xenial
ssh-rsa AAAAB3NzaC1yc2EAAAADAQABAAABAQDKj0q8/JCEVVp0X2O8yjT0iZgOcULawd5TxO9douZBHU5v7+F2oYFcZQlfSaIThpEwviNYaaTP9IEVJkhGIYzJ1iDEIyImpCFUvPuXlYaRSp3NpKK+owMSdqyhikxC8CtiUuCMoyTMEXyO8B4ui9+PBorAefgRnoU3VLrBVc2bGQ5wGw7ttFSAKDXUtrQlUAQqIFwOSevXcfnXpiyZq+s6Zexxcg/kL38gh9NkspiIFTMPZIFXVPqibAvNSoMzP8lvemXLxtWPWquw3EOemYn08IdrC5XVZQ4BlTkg2cRjK/PvTfX32nMzUKQ/bClTcLn1GJnpbwDPc7n45VQb9tgp root@ubuntu-xenial
-----END SSH HOST KEY KEYS-----
[   16.381482] cloud-init[1557]: Cloud-init v. 20.2-45-g5f7825e2-0ubuntu1~16.04.1 running 'modules:final' at Mon, 31 Aug 2020 10:32:09 +0000. Up 16.28 seconds.
[   16.381705] cloud-init[1557]: ci-info: no authorized SSH keys fingerprints found for user ubuntu.
[   16.383980] cloud-init[1557]: Cloud-init v. 20.2-45-g5f7825e2-0ubuntu1~16.04.1 finished at Mon, 31 Aug 2020 10:32:09 +0000. Datasource DataSourceNoCloud [seed=/dev/sdb][dsmode=net].  Up 16.37 seconds
